3.1
-1.1
2.1
0.47619047619047616
1.0
1.0
-42
-42
42
83
0
3
5
