Hello, world!
42
[1, 2, 3]
Hello, world!
42
[1, 2, 3]
