[
    Do(LDecl([])) ;
    Do(LDecl([Num_lit(1)])) ;
    Do(LDecl([Num_lit(1) ; Num_lit(2) ; Num_lit(3)])) ;
    Do(LDecl([Num_lit(42.) ; Num_lit(42.5)])) ;
    Do(LDecl([String_lit(hello) ; String_lit(world)])) ;
    Do(LDecl([Bool_lit(true) ; Bool_lit(false) ; Bool_lit(true)]))
]
