[]
[1]
[1, 2, 3]
[42.0, 42.5]
['Hello, ', 'world!']
[True, False, True]
