Analyzer Exception: Invalid assignment of id 'x' to type Void
