Analyzer Exception: Invalid attempt to chain assigns
