[31mSemantic error[0m, line 1:
  Invalid use of binary operator '<=' with types Num and Bool
