Analyzer Exception: Invalid use of binary operator '&&' with types Bool and Num
