[31mSemantic error[0m:
  Attempting to call Num type 'f' as a function
