[31mSemantic error[0m:
  Function 'call' expected argument of type Func(Any => Bool) but was passed Func( => Bool) instead
