[31mSemantic error[0m:
  Function 'sum' expects 2 argument(s) but was called with 3 instead
