[31mSemantic error[0m, line 1:
  Invalid distribution with vals type 'Num' and weights type 'List[Num]'
