[31mSemantic error[0m, line 1:
  Function 'sum' expected argument of type Num but was passed Bool instead
