Analyzer Exception: Invalid declaration of function 'f' with unconstrained return value
