Analyzer Exception: Function 'sum' expected argument of type Num but was passed Bool instead
