Analyzer Exception: Expected type Bool but got type Num instead
