Analyzer Exception: Invalid attempt to use conditional with mismatched types Num and String
