Fatal error: exception Scanner.Illegal_Character("Illegal Character '~'")
