Analyzer Exception: Invalid element of type Bool in list of type List[String]
