[31mSemantic error[0m:
  Invalid use of binary operator '||' with types Num and Bool
