Analyzer Exception: Invalid use of binary operator '||' with types Num and Bool
