Analyzer Exception: Function 'f' expected argument of type Num but was passed Bool instead
