Analyzer Exception: Invalid attempt to reassign function identifier 'f' to type Num
