[31mSemantic error[0m, line 1:
  Invalid use of unary operator '!' with type Num
