[31mSemantic error[0m:
  Invalid use of unary operator '-' with type Bool
