Analyzer Exception: Variable 'y' is undefined in current scope
