DO
ID
ASN
LPAREN
ID
RPAREN
FDELIM
RETURN
IF
ID
MOD
INT_LITERAL
EQ
INT_LITERAL
THEN
BOOL_LITERAL
ELSE
STRING_LITERAL
