STRING_LITERAL
NUM_LITERAL
BOOL_LITERAL
VOID_LITERAL
STRING_LITERAL
NUM_LITERAL
