NUM_LITERAL
PLUS
NUM_LITERAL
POWER
NUM_LITERAL
DIVIDE
NUM_LITERAL
MINUS
NUM_LITERAL
