LPAREN
RPAREN
LCAR
RCAR
LBRACK
RBRACK
SEMI
COMMA
VBAR
